==491== Memcheck, a memory error detector
==491== Copyright (C) 2002-2022, and GNU GPL'd, by Julian Seward et al.
==491== Using Valgrind-3.19.0 and LibVEX; rerun with -h for copyright info
==491== Command: ./threadpool --all
==491== 
[36m[B01][0m Basic execution (3 tasks on 2 threads)... ==492== 
==492== HEAP SUMMARY:
==492==     in use at exit: 4,622 bytes in 42 blocks
==492==   total heap usage: 87 allocs, 45 frees, 84,476 bytes allocated
==492== 
==492== LEAK SUMMARY:
==492==    definitely lost: 128 bytes in 2 blocks
==492==    indirectly lost: 0 bytes in 0 blocks
==492==      possibly lost: 0 bytes in 0 blocks
==492==    still reachable: 4,494 bytes in 40 blocks
==492==         suppressed: 0 bytes in 0 blocks
==492== Rerun with --leak-check=full to see details of leaked memory
==492== 
==492== For lists of detected and suppressed errors, rerun with: -s
==492== ERROR SUMMARY: 0 errors from 0 contexts (suppressed: 0 from 0)
[1;32m✅ PASSED[0m
[36m[B02][0m Wait without scheduling... ==496== 
==496== HEAP SUMMARY:
==496==     in use at exit: 4,750 bytes in 44 blocks
==496==   total heap usage: 103 allocs, 59 frees, 86,443 bytes allocated
==496== 
==496== LEAK SUMMARY:
==496==    definitely lost: 256 bytes in 4 blocks
==496==    indirectly lost: 0 bytes in 0 blocks
==496==      possibly lost: 0 bytes in 0 blocks
==496==    still reachable: 4,494 bytes in 40 blocks
==496==         suppressed: 0 bytes in 0 blocks
==496== Rerun with --leak-check=full to see details of leaked memory
==496== 
==496== For lists of detected and suppressed errors, rerun with: -s
==496== ERROR SUMMARY: 0 errors from 0 contexts (suppressed: 0 from 0)
[1;32m✅ PASSED[0m
[36m[B03][0m Serial execution with 1 thread... ==502== 
==502== HEAP SUMMARY:
==502==     in use at exit: 4,558 bytes in 41 blocks
==502==   total heap usage: 121 allocs, 80 frees, 85,634 bytes allocated
==502== 
==502== LEAK SUMMARY:
==502==    definitely lost: 64 bytes in 1 blocks
==502==    indirectly lost: 0 bytes in 0 blocks
==502==      possibly lost: 0 bytes in 0 blocks
==502==    still reachable: 4,494 bytes in 40 blocks
==502==         suppressed: 0 bytes in 0 blocks
==502== Rerun with --leak-check=full to see details of leaked memory
==502== 
==502== For lists of detected and suppressed errors, rerun with: -s
==502== ERROR SUMMARY: 0 errors from 0 contexts (suppressed: 0 from 0)
[1;32m✅ PASSED[0m
[36m[B04][0m FIFO execution in single-thread mode... ==505== 
==505== HEAP SUMMARY:
==505==     in use at exit: 4,558 bytes in 41 blocks
==505==   total heap usage: 156 allocs, 115 frees, 86,917 bytes allocated
==505== 
==505== LEAK SUMMARY:
==505==    definitely lost: 64 bytes in 1 blocks
==505==    indirectly lost: 0 bytes in 0 blocks
==505==      possibly lost: 0 bytes in 0 blocks
==505==    still reachable: 4,494 bytes in 40 blocks
==505==         suppressed: 0 bytes in 0 blocks
==505== Rerun with --leak-check=full to see details of leaked memory
==505== 
==505== For lists of detected and suppressed errors, rerun with: -s
==505== ERROR SUMMARY: 0 errors from 0 contexts (suppressed: 0 from 0)
[1;32m✅ PASSED[0m
[32m[C01][0m Stress with 1000 tasks... 